// Jest Snapshot v1, https://goo.gl/fbAQLP

exports[`BetHistory Component matches snapshot 1`] = `
<DocumentFragment>
  <div
    class="container mx-auto px-4 py-8"
  >
    <div
      class="bg-white rounded-xl shadow-lg p-6"
    >
      <div
        class="animate-pulse space-y-4"
      >
        <div
          class="h-8 bg-gray-200 rounded w-1/4"
        />
        <div
          class="h-12 bg-gray-200 rounded"
        />
        <div
          class="h-12 bg-gray-200 rounded"
        />
      </div>
    </div>
  </div>
</DocumentFragment>
`;
